[demo.themefisher.com/agico/index.html]
[backblue.gif]
[fade.gif]
[index.html]
[demo.themefisher.com/agico/plugins/font-awesome/font-awesome.min.css]
[demo.themefisher.com/agico/plugins/bootstrap/bootstrap.min.css]
[demo.themefisher.com/agico/plugins/venobox/venobox.css]
[demo.themefisher.com/agico/plugins/slick/slick.css]
[demo.themefisher.com/agico/plugins/aos/aos.css]
[demo.themefisher.com/agico/css/style.css]
[demo.themefisher.com/agico/images/favicon.ico]
[demo.themefisher.com/agico/images/preloader.gif]
[demo.themefisher.com/agico/index-2.html]
[demo.themefisher.com/agico/images/logo/logo-dark.png]
[demo.themefisher.com/agico/homepage2.html]
[demo.themefisher.com/agico/homepage3.html]
[demo.themefisher.com/agico/about.html]
[demo.themefisher.com/agico/services.html]
[demo.themefisher.com/agico/team.html]
[demo.themefisher.com/agico/pricing.html]
[demo.themefisher.com/agico/career.html]
[demo.themefisher.com/agico/blog.html]
[demo.themefisher.com/agico/contact.html]
[demo.themefisher.com/agico/images/icon/google-play-white.png]
[demo.themefisher.com/agico/images/banner/banner-3.png]
[demo.themefisher.com/agico/images/homepage-3/banner-shape.png]
[demo.themefisher.com/agico/images/dot/dot-1.png]
[demo.themefisher.com/agico/images/shape/shape-bg.png]
[demo.themefisher.com/agico/images/integration/integration-2.png]
[demo.themefisher.com/agico/images/integration/integration-3.png]
[demo.themefisher.com/agico/images/partner/client-logo-1-alt.png]
[demo.themefisher.com/agico/images/partner/client-logo-2-alt.png]
[demo.themefisher.com/agico/images/partner/client-logo-3-alt.png]
[demo.themefisher.com/agico/images/partner/client-logo-4-alt.png]
[demo.themefisher.com/agico/images/partner/client-logo-5-alt.png]
[demo.themefisher.com/agico/images/homepage-3/testimonial-img.png]
[demo.themefisher.com/agico/images/quotation/quotation.png]
[demo.themefisher.com/agico/images/blog/blog-post-1.jpg]
[demo.themefisher.com/agico/blog-details.html]
[demo.themefisher.com/agico/images/blog/blog-post-2.jpg]
[demo.themefisher.com/agico/images/blog/blog-post-3.jpg]
[demo.themefisher.com/agico/images/logo/logo.png]
[demo.themefisher.com/agico/plugins/jQuery/jquery.min.js]
[demo.themefisher.com/agico/plugins/bootstrap/bootstrap.min.js]
[demo.themefisher.com/agico/plugins/slick/slick.min.js]
[demo.themefisher.com/agico/plugins/venobox/venobox.min.js]
[demo.themefisher.com/agico/plugins/aos/aos.js]
[demo.themefisher.com/agico/plugins/google-map/gmap.js]
[demo.themefisher.com/agico/index.html]
[demo.themefisher.com/agico/js/script.js]
[demo.themefisher.com/agico/plugins/font-awesome/fonts/fontawesome-webfont3e6e.eot]
[demo.themefisher.com/agico/plugins/font-awesome/fonts/fontawesome-webfontd41d.eot]
[demo.themefisher.com/agico/plugins/font-awesome/fonts/fontawesome-webfont3e6e.woff2]
[demo.themefisher.com/agico/plugins/font-awesome/fonts/fontawesome-webfont3e6e.woff]
[demo.themefisher.com/agico/plugins/font-awesome/fonts/fontawesome-webfont3e6e.ttf]
[demo.themefisher.com/agico/plugins/font-awesome/font-awesome.min.css]
[demo.themefisher.com/agico/plugins/bootstrap/bootstrap.min.css]
[demo.themefisher.com/agico/plugins/venobox/venobox.css]
[demo.themefisher.com/agico/plugins/slick/slick.css]
[demo.themefisher.com/agico/plugins/aos/aos.css]
[demo.themefisher.com/agico/plugins/font-awesome/fonts/fontawesome-webfont3e6e.svg]
[demo.themefisher.com/agico/images/shape/page-title.png]
[demo.themefisher.com/agico/images/background/testimonial-1.jpg]
[demo.themefisher.com/agico/images/shape/triangle-double.png]
[demo.themefisher.com/agico/images/quotation/quetesion.png]
[demo.themefisher.com/agico/images/background/map.png]
[demo.themefisher.com/agico/css/style.css]
[demo.themefisher.com/agico/images/favicon.html]
[demo.themefisher.com/agico/index-2.html]
[demo.themefisher.com/agico/images/banner/banner-2.png]
[demo.themefisher.com/agico/images/shape/banner.png]
[demo.themefisher.com/agico/images/dot/dot-2.png]
[demo.themefisher.com/agico/images/shape/curve-shape.png]
[demo.themefisher.com/agico/images/about/about-3.jpg]
[demo.themefisher.com/agico/images/about/about-4.jpg]
[demo.themefisher.com/agico/images/shape/curve-shape-2.png]
[demo.themefisher.com/agico/images/testimonial/client-1.jpg]
[demo.themefisher.com/agico/images/integration/integration-1.png]
[demo.themefisher.com/agico/images/background/testimonial-3.jpg]
[demo.themefisher.com/agico/images/partner/client-logo-1.png]
[demo.themefisher.com/agico/images/partner/client-logo-2.png]
[demo.themefisher.com/agico/images/partner/client-logo-3.png]
[demo.themefisher.com/agico/images/partner/client-logo-4.png]
[demo.themefisher.com/agico/images/partner/client-logo-5.png]
[demo.themefisher.com/agico/homepage2.html]
[demo.themefisher.com/agico/images/background/banner.png]
[demo.themefisher.com/agico/images/banner/banner-1.png]
[demo.themefisher.com/agico/images/feature/feature-1.png]
[demo.themefisher.com/agico/images/feature/feature-2.png]
[demo.themefisher.com/agico/images/feature/feature-3.png]
[demo.themefisher.com/agico/images/about/about-1.png]
[demo.themefisher.com/agico/images/about/about-2.png]
[demo.themefisher.com/agico/images/background/check-video.png]
[demo.themefisher.com/agico/images/icon/001-google-play.png]
[demo.themefisher.com/agico/images/download-mobile-img.jpg]
[demo.themefisher.com/agico/homepage3.html]
[demo.themefisher.com/agico/images/background/about.jpg]
[demo.themefisher.com/agico/images/team/team-member-1.jpg]
[demo.themefisher.com/agico/images/team/team-member-2.jpg]
[demo.themefisher.com/agico/images/team/team-member-3.jpg]
[demo.themefisher.com/agico/about.html]
[demo.themefisher.com/agico/services.html]
[demo.themefisher.com/agico/images/team/team-member-4.jpg]
[demo.themefisher.com/agico/images/team/team-member-5.jpg]
[demo.themefisher.com/agico/images/team/team-member-6.jpg]
[demo.themefisher.com/agico/team.html]
[demo.themefisher.com/agico/pricing.html]
[demo.themefisher.com/agico/images/career/logo-1.png]
[demo.themefisher.com/agico/career-details.html]
[demo.themefisher.com/agico/images/career/logo-2.png]
[demo.themefisher.com/agico/images/career/logo-3.png]
[demo.themefisher.com/agico/images/career/logo-4.png]
[demo.themefisher.com/agico/images/career/logo-5.png]
[demo.themefisher.com/agico/career.html]
[demo.themefisher.com/agico/images/blog/blog-post-4.jpg]
[demo.themefisher.com/agico/images/blog/blog-post-5.jpg]
[demo.themefisher.com/agico/images/blog/blog-post-6.jpg]
[demo.themefisher.com/agico/images/blog/blog-post-7.jpg]
[demo.themefisher.com/agico/images/blog/blog-post-8.jpg]
[demo.themefisher.com/agico/images/blog/blog-post-9.jpg]
[demo.themefisher.com/agico/images/blog/blog-post-10.jpg]
[demo.themefisher.com/agico/images/men/sm-img-1.jpg]
[demo.themefisher.com/agico/images/men/sm-img-2.jpg]
[demo.themefisher.com/agico/images/men/sm-img-3.jpg]
[demo.themefisher.com/agico/blog.html]
[demo.themefisher.com/agico/images/marker.png]
[demo.themefisher.com/agico/contact.html]
[demo.themefisher.com/agico/images/men/lg-img-1.jpg]
[demo.themefisher.com/agico/images/men/sm-img-4.jpg]
[demo.themefisher.com/agico/images/men/sm-img-5.jpg]
[demo.themefisher.com/agico/images/men/sm-img-6.jpg]
[demo.themefisher.com/agico/blog-details.html]
[demo.themefisher.com/agico/plugins/font-awesome/fonts/fontawesome-webfont3e6e.svg]
[demo.themefisher.com/agico/career-details.html]
